// Jest Snapshot v1, https://goo.gl/fbAQLP

exports[`should render Feedback component 1`] = `
<div
  className="feedback"
  id="feedbackComponent"
>
  <h2
    className="feedback__title"
  >
    Feedbacks
  </h2>
  <div
    className="feedback__container"
    key="0"
  >
    <Info
      text="Lorem ipsum dolor sit amet, consectetuer adipiscing elit. Aenean commodo ligula eget dolor. Aenean massa. Cum sociis natoque penatibus et magnis dis parturient montes, nascetur ridiculus mus. Donec quam felis, ultricies nec, pellentesque eu, pretium quis, sem. Nulla consequat massa quis enim. Donec pede justo, fringilla vel, aliquet nec, vulputate eget, arcu. In enim justo, rhoncus ut, imperdiet a, venenatis vitae, justo. Nullam dictum felis eu pede mollis pretium. Integer tincidunt. Cras dapibus."
    />
    <div
      className="feedback__user-block"
    >
      <img
        alt="reporter icon"
        className="feedback__user-img"
        src={<user1.png />}
      />
      <span
        className="feedback__user-name"
      >
        John Doe
      </span>
      , 
      <a
        className="feedback__user-link"
        href="https://www.citeexample.com"
        rel="noreferrer"
        target="_blank"
      >
        citeexample.com
      </a>
    </div>
  </div>
  <div
    className="feedback__container"
    key="1"
  >
    <Info
      text="Lorem ipsum dolor sit amet, consectetuer adipiscing elit. Aenean commodo ligula eget dolor. Aenean massa. Cum sociis natoque penatibus et magnis dis parturient montes, nascetur ridiculus mus. Donec quam felis, ultricies nec, pellentesque eu, pretium quis, sem. Nulla consequat massa quis enim. Donec pede justo, fringilla vel, aliquet nec, vulputate eget, arcu. In enim justo, rhoncus ut, imperdiet a, venenatis vitae, justo. Nullam dictum felis eu pede mollis pretium. Integer tincidunt. Cras dapibus. Vivamus elementum semper nisi. Aenean vulputate eleifend tellus. Aenean leo ligula, porttitor eu, consequat vitae, eleifend ac, enim. Aliquam lorem ante, dapibus in, viverra quis, feugiat a, tellus. Phasellus viverra nulla ut metus varius laoreet. Quisque rutrum. Aenean imperdiet. Etiam ultricies nisi vel augue. Curabitur ullamcorper ultricies nisi. Nam eget dui. Etiam rhoncus. Maecenas tempus, tellus eget condimentum rhoncus, sem quam semper libero, sit amet adipiscing sem neque."
    />
    <div
      className="feedback__user-block"
    >
      <img
        alt="reporter icon"
        className="feedback__user-img"
        src="user2.jpg"
      />
      <span
        className="feedback__user-name"
      >
        Smith Anderson
      </span>
      , 
      <a
        className="feedback__user-link"
        href="https://www.citeexample.com"
        rel="noreferrer"
        target="_blank"
      >
        citeexample.com
      </a>
    </div>
  </div>
</div>
`;
