// Jest Snapshot v1, https://goo.gl/fbAQLP

exports[`should render ScrollToTop component 1`] = `
<div
  className="scroll"
/>
`;
